// Vitest Snapshot v1

exports[`<Certification /> > should match to snapshot 1`] = `
.c2 {
  display: inline-block;
  vertical-align: middle;
  overflow: hidden;
}

.c0 {
  padding: 3.2rem;
  -webkit-text-decoration: none;
  text-decoration: none;
  font-family: 'Work Sans',sans-serif;
  margin-top: 0.6rem;
}

.c1 >svg {
  width: 2rem;
  height: 2rem;
  color: #078a85;
}

@media (max-width:768px) {
  .c0 > a {
    font-size: 1.4rem;
  }
}

<div>
  <div
    class="c0"
  >
    <a
      class="c1"
      href="any"
      target="_blank"
    >
      Exibir Credencial 
      <svg
        aria-hidden="true"
        aria-label="icon"
        class="c2"
        fill="currentColor"
        focusable="false"
        viewBox="0 0 24 24"
        xmlns="http://www.w3.org/2000/svg"
      >
        <path
          d="m13 3 3.293 3.293-7 7 1.414 1.414 7-7L21 11V3z"
        />
        <path
          d="M19 19H5V5h7l-2-2H5c-1.103 0-2 .897-2 2v14c0 1.103.897 2 2 2h14c1.103 0 2-.897 2-2v-5l-2-2v7z"
        />
      </svg>
    </a>
  </div>
</div>
`;
